[INFO] Scanning for projects...
[INFO] 
[INFO] ----------------------< com.seproject:inventory >-----------------------
[INFO] Building  0.0.1-SNAPSHOT
[INFO]   from pom.xml
[INFO] --------------------------------[ jar ]---------------------------------
[INFO] 
[INFO] --- resources:3.3.1:resources (default-resources) @ inventory ---
[INFO] Copying 1 resource from src\main\resources to target\classes
[INFO] Copying 8 resources from src\main\resources to target\classes
[INFO] 
[INFO] --- compiler:3.14.1:compile (default-compile) @ inventory ---
[INFO] Nothing to compile - all classes are up to date.
[INFO] 
[INFO] --- resources:3.3.1:testResources (default-testResources) @ inventory ---
[INFO] Copying 2 resources from src\test\resources to target\test-classes
[INFO] 
[INFO] --- compiler:3.14.1:testCompile (default-testCompile) @ inventory ---
[INFO] Nothing to compile - all classes are up to date.
[INFO] 
[INFO] --- surefire:3.5.5:test (default-test) @ inventory ---
[INFO] Using auto detected provider org.apache.maven.surefire.junitplatform.JUnitPlatformProvider
[INFO] 
[INFO] -------------------------------------------------------
[INFO]  T E S T S
[INFO] -------------------------------------------------------
[INFO] Running com.seproject.inventory.controller.AuthControllerTest
16:58:59.266 [main] INFO org.springframework.test.context.support.AnnotationConfigContextLoaderUtils -- Could not detect default configuration classes for test class [com.seproject.inventory.controller.AuthControllerTest]: AuthControllerTest does not declare any static, non-private, non-final, nested classes annotated with @Configuration.
16:58:59.451 [main] INFO org.springframework.boot.test.context.SpringBootTestContextBootstrapper -- Found @SpringBootConfiguration com.seproject.inventory.InventoryApplication for test class com.seproject.inventory.controller.AuthControllerTest
16:58:59.526 [main] INFO org.springframework.test.context.support.AnnotationConfigContextLoaderUtils -- Could not detect default configuration classes for test class [com.seproject.inventory.controller.AuthControllerTest]: AuthControllerTest does not declare any static, non-private, non-final, nested classes annotated with @Configuration.
16:58:59.528 [main] INFO org.springframework.boot.test.context.SpringBootTestContextBootstrapper -- Found @SpringBootConfiguration com.seproject.inventory.InventoryApplication for test class com.seproject.inventory.controller.AuthControllerTest
16:58:59.602 [main] INFO org.springframework.boot.devtools.restart.RestartApplicationListener -- Restart disabled due to context in which it is running

  .   ____          _            __ _ _
 /\\ / ___'_ __ _ _(_)_ __  __ _ \ \ \ \
( ( )\___ | '_ | '_| | '_ \/ _` | \ \ \ \
 \\/  ___)| |_)| | | | | || (_| |  ) ) ) )
  '  |____| .__|_| |_|_| |_\__, | / / / /
 =========|_|==============|___/=/_/_/_/

 :: Spring Boot ::                (v4.0.4)

2026-04-05T16:58:59.830+06:00  INFO 21828 --- [           main] c.s.i.controller.AuthControllerTest      : Starting AuthControllerTest using Java 25.0.2 with PID 21828 (started by Shaila in D:\inventory)
2026-04-05T16:58:59.832+06:00  INFO 21828 --- [           main] c.s.i.controller.AuthControllerTest      : No active profile set, falling back to 1 default profile: "default"
2026-04-05T16:59:00.696+06:00  INFO 21828 --- [           main] .s.d.r.c.RepositoryConfigurationDelegate : Bootstrapping Spring Data JPA repositories in DEFAULT mode.
2026-04-05T16:59:00.771+06:00  INFO 21828 --- [           main] .s.d.r.c.RepositoryConfigurationDelegate : Finished Spring Data repository scanning in 65 ms. Found 4 JPA repository interfaces.
2026-04-05T16:59:01.475+06:00  INFO 21828 --- [           main] com.zaxxer.hikari.HikariDataSource       : HikariPool-1 - Starting...
2026-04-05T16:59:01.806+06:00  INFO 21828 --- [           main] com.zaxxer.hikari.pool.HikariPool        : HikariPool-1 - Added connection conn0: url=jdbc:h2:mem:testdb user=SA
2026-04-05T16:59:01.808+06:00  INFO 21828 --- [           main] com.zaxxer.hikari.HikariDataSource       : HikariPool-1 - Start completed.
2026-04-05T16:59:02.140+06:00  INFO 21828 --- [           main] org.hibernate.orm.jpa                    : HHH008540: Processing PersistenceUnitInfo [name: default]
2026-04-05T16:59:02.268+06:00  INFO 21828 --- [           main] org.hibernate.orm.core                   : HHH000001: Hibernate ORM core version 7.2.7.Final
2026-04-05T16:59:02.900+06:00  INFO 21828 --- [           main] o.s.o.j.p.SpringPersistenceUnitInfo      : No LoadTimeWeaver setup: ignoring JPA class transformer
2026-04-05T16:59:02.982+06:00  WARN 21828 --- [           main] org.hibernate.orm.deprecation            : HHH90000025: H2Dialect does not need to be specified explicitly using 'hibernate.dialect' (remove the property setting and it will be selected by default)
2026-04-05T16:59:03.005+06:00  INFO 21828 --- [           main] org.hibernate.orm.connections.pooling    : HHH10001005: Database info:
	Database JDBC URL [jdbc:h2:mem:testdb]
	Database driver: H2 JDBC Driver
	Database dialect: H2Dialect
	Database version: 2.4.240
	Default catalog/schema: TESTDB/PUBLIC
	Autocommit mode: undefined/unknown
	Isolation level: READ_COMMITTED [default READ_COMMITTED]
	JDBC fetch size: 100
	Pool: DataSourceConnectionProvider
	Minimum pool size: undefined/unknown
	Maximum pool size: undefined/unknown
2026-04-05T16:59:04.516+06:00  INFO 21828 --- [           main] org.hibernate.orm.core                   : HHH000489: No JTA platform available (set 'hibernate.transaction.jta.platform' to enable JTA platform integration)
Hibernate: drop table if exists orders cascade 
Hibernate: drop table if exists products cascade 
Hibernate: drop table if exists roles cascade 
Hibernate: drop table if exists user_roles cascade 
Hibernate: drop table if exists users cascade 
Hibernate: create table orders (quantity integer not null, buyer_id bigint, created_at timestamp(6), id bigint generated by default as identity, product_id bigint, status varchar(255), primary key (id))
Hibernate: create table products (price float(53) not null, quantity integer not null, id bigint generated by default as identity, seller_id bigint, description varchar(255), name varchar(255), primary key (id))
Hibernate: create table roles (id bigint generated by default as identity, name varchar(255) not null unique, primary key (id))
Hibernate: create table user_roles (role_id bigint not null, user_id bigint not null, primary key (role_id, user_id))
Hibernate: create table users (id bigint generated by default as identity, email varchar(255) not null unique, password varchar(255) not null, username varchar(255) not null unique, primary key (id))
Hibernate: alter table if exists orders add constraint FKhtx3insd5ge6w486omk4fnk54 foreign key (buyer_id) references users
Hibernate: alter table if exists orders add constraint FKkp5k52qtiygd8jkag4hayd0qg foreign key (product_id) references products
Hibernate: alter table if exists products add constraint FKbgw3lyxhsml3kfqnfr45o0vbj foreign key (seller_id) references users
Hibernate: alter table if exists user_roles add constraint FKh8ciramu9cc9q3qcqiv4ue8a6 foreign key (role_id) references roles
Hibernate: alter table if exists user_roles add constraint FKhfh9dx7w3ubf1co1vdev94g3f foreign key (user_id) references users
2026-04-05T16:59:04.575+06:00  INFO 21828 --- [           main] j.LocalContainerEntityManagerFactoryBean : Initialized JPA EntityManagerFactory for persistence unit 'default'
2026-04-05T16:59:04.689+06:00  INFO 21828 --- [           main] o.s.d.j.r.query.QueryEnhancerFactories   : Hibernate is in classpath; If applicable, HQL parser will be used.
2026-04-05T16:59:05.072+06:00  INFO 21828 --- [           main] r$InitializeUserDetailsManagerConfigurer : Global AuthenticationManager configured with UserDetailsService bean with name customUserDetailsService
2026-04-05T16:59:06.227+06:00  WARN 21828 --- [           main] JpaBaseConfiguration$JpaWebConfiguration : spring.jpa.open-in-view is enabled by default. Therefore, database queries may be performed during view rendering. Explicitly configure spring.jpa.open-in-view to disable this warning
2026-04-05T16:59:07.299+06:00  INFO 21828 --- [           main] c.s.i.controller.AuthControllerTest      : Started AuthControllerTest in 7.709 seconds (process running for 9.002)
Hibernate: select r1_0.id,r1_0.name from roles r1_0 where r1_0.name=?
Hibernate: insert into roles (name,id) values (?,default)
Hibernate: select r1_0.id,r1_0.name from roles r1_0 where r1_0.name=?
Hibernate: insert into roles (name,id) values (?,default)
Hibernate: select r1_0.id,r1_0.name from roles r1_0 where r1_0.name=?
Hibernate: insert into roles (name,id) values (?,default)
2026-04-05T16:59:07.569+06:00  INFO 21828 --- [           main] c.s.inventory.config.DataInitializer     : Default roles initialized
.\mvnw.cmd : Mockito is currently self-attaching to enable the inline-mock-maker. This will no longer work in future releases of the JDK. Please 
add Mockito as an agent to your build as described in Mockito's documentation: 
https://javadoc.io/doc/org.mockito/mockito-core/latest/org.mockito/org/mockito/Mockito.html#0.3
At line:1 char:18
+ ... :\inventory; .\mvnw.cmd test -DskipITs 2>&1 > test-result.txt; Get-Co ...
+                  ~~~~~~~~~~~~~~~~~~~~~~~~~~~~~~~~~~~~~~~~~~~~~~~~
    + CategoryInfo          : NotSpecified: (Mockito is curr...ockito.html#0.3:String) [], RemoteException
    + FullyQualifiedErrorId : NativeCommandError
 
OpenJDK 64-Bit Server VM warning: Sharing is only supported for boot loader classes because bootstrap classpath has been appended
WARNING: A Java agent has been loaded dynamically 
(C:\Users\Shaila\.m2\repository\net\bytebuddy\byte-buddy-agent\1.17.8\byte-buddy-agent-1.17.8.jar)
WARNING: If a serviceability tool is in use, please run with -XX:+EnableDynamicAgentLoading to hide this warning
WARNING: If a serviceability tool is not in use, please run with -Djdk.instrument.traceUsage for more information
WARNING: Dynamic loading of agents will be disallowed by default in a future release
[INFO] Tests run: 1, Failures: 0, Errors: 0, Skipped: 0, Time elapsed: 8.895 s -- in com.seproject.inventory.controller.AuthControllerTest
[INFO] Running com.seproject.inventory.controller.InventoryControllerIntegrationTest
2026-04-05T16:59:07.964+06:00  INFO 21828 --- [           main] t.c.s.AnnotationConfigContextLoaderUtils : Could not detect default configuration classes for test class [com.seproject.inventory.controller.InventoryControllerIntegrationTest]: InventoryControllerIntegrationTest does not declare any static, non-private, non-final, nested classes annotated with @Configuration.
2026-04-05T16:59:07.969+06:00  INFO 21828 --- [           main] .b.t.c.SpringBootTestContextBootstrapper : Found @SpringBootConfiguration com.seproject.inventory.InventoryApplication for test class com.seproject.inventory.controller.InventoryControllerIntegrationTest
2026-04-05T16:59:07.970+06:00  INFO 21828 --- [           main] t.c.s.AnnotationConfigContextLoaderUtils : Could not detect default configuration classes for test class [com.seproject.inventory.controller.InventoryControllerIntegrationTest]: InventoryControllerIntegrationTest does not declare any static, non-private, non-final, nested classes annotated with @Configuration.
2026-04-05T16:59:07.973+06:00  INFO 21828 --- [           main] .b.t.c.SpringBootTestContextBootstrapper : Found @SpringBootConfiguration com.seproject.inventory.InventoryApplication for test class com.seproject.inventory.controller.InventoryControllerIntegrationTest
2026-04-05T16:59:07.984+06:00  INFO 21828 --- [           main] o.s.b.d.r.RestartApplicationListener     : Restart disabled due to context in which it is running

  .   ____          _            __ _ _
 /\\ / ___'_ __ _ _(_)_ __  __ _ \ \ \ \
( ( )\___ | '_ | '_| | '_ \/ _` | \ \ \ \
 \\/  ___)| |_)| | | | | || (_| |  ) ) ) )
  '  |____| .__|_| |_|_| |_\__, | / / / /
 =========|_|==============|___/=/_/_/_/

 :: Spring Boot ::                (v4.0.4)

2026-04-05T16:59:08.044+06:00  INFO 21828 --- [           main] s.i.c.InventoryControllerIntegrationTest : Starting InventoryControllerIntegrationTest using Java 25.0.2 with PID 21828 (started by Shaila in D:\inventory)
2026-04-05T16:59:08.045+06:00  INFO 21828 --- [           main] s.i.c.InventoryControllerIntegrationTest : The following 1 profile is active: "test"
2026-04-05T16:59:08.363+06:00  INFO 21828 --- [           main] .s.d.r.c.RepositoryConfigurationDelegate : Bootstrapping Spring Data JPA repositories in DEFAULT mode.
2026-04-05T16:59:08.384+06:00  INFO 21828 --- [           main] .s.d.r.c.RepositoryConfigurationDelegate : Finished Spring Data repository scanning in 18 ms. Found 4 JPA repository interfaces.
2026-04-05T16:59:08.478+06:00  INFO 21828 --- [           main] com.zaxxer.hikari.HikariDataSource       : HikariPool-2 - Starting...
2026-04-05T16:59:08.483+06:00  INFO 21828 --- [           main] com.zaxxer.hikari.pool.HikariPool        : HikariPool-2 - Added connection conn10: url=jdbc:h2:mem:8f336bdb-3dff-46f5-86ab-07519ae2bc8b user=POSTGRES
2026-04-05T16:59:08.484+06:00  INFO 21828 --- [           main] com.zaxxer.hikari.HikariDataSource       : HikariPool-2 - Start completed.
2026-04-05T16:59:08.530+06:00  INFO 21828 --- [           main] org.hibernate.orm.jpa                    : HHH008540: Processing PersistenceUnitInfo [name: default]
2026-04-05T16:59:08.562+06:00  INFO 21828 --- [           main] o.s.o.j.p.SpringPersistenceUnitInfo      : No LoadTimeWeaver setup: ignoring JPA class transformer
2026-04-05T16:59:08.565+06:00  WARN 21828 --- [           main] org.hibernate.orm.deprecation            : HHH90000025: H2Dialect does not need to be specified explicitly using 'hibernate.dialect' (remove the property setting and it will be selected by default)
2026-04-05T16:59:08.566+06:00  INFO 21828 --- [           main] org.hibernate.orm.connections.pooling    : HHH10001005: Database info:
	Database JDBC URL [jdbc:h2:mem:8f336bdb-3dff-46f5-86ab-07519ae2bc8b]
	Database driver: H2 JDBC Driver
	Database dialect: H2Dialect
	Database version: 2.4.240
	Default catalog/schema: 8F336BDB-3DFF-46F5-86AB-07519AE2BC8B/PUBLIC
	Autocommit mode: undefined/unknown
	Isolation level: READ_COMMITTED [default READ_COMMITTED]
	JDBC fetch size: 100
	Pool: DataSourceConnectionProvider
	Minimum pool size: undefined/unknown
	Maximum pool size: undefined/unknown
2026-04-05T16:59:08.663+06:00  INFO 21828 --- [           main] org.hibernate.orm.core                   : HHH000489: No JTA platform available (set 'hibernate.transaction.jta.platform' to enable JTA platform integration)
2026-04-05T16:59:08.679+06:00  INFO 21828 --- [           main] j.LocalContainerEntityManagerFactoryBean : Initialized JPA EntityManagerFactory for persistence unit 'default'
2026-04-05T16:59:08.739+06:00  INFO 21828 --- [           main] r$InitializeUserDetailsManagerConfigurer : Global AuthenticationManager configured with UserDetailsService bean with name customUserDetailsService
2026-04-05T16:59:08.815+06:00  WARN 21828 --- [           main] JpaBaseConfiguration$JpaWebConfiguration : spring.jpa.open-in-view is enabled by default. Therefore, database queries may be performed during view rendering. Explicitly configure spring.jpa.open-in-view to disable this warning
2026-04-05T16:59:09.078+06:00  INFO 21828 --- [           main] s.i.c.InventoryControllerIntegrationTest : Started InventoryControllerIntegrationTest in 1.094 seconds (process running for 10.781)
2026-04-05T16:59:09.101+06:00  INFO 21828 --- [           main] c.s.inventory.config.DataInitializer     : Default roles initialized
2026-04-05T16:59:09.161+06:00  INFO 21828 --- [           main] o.s.b.t.m.w.SpringBootMockServletContext : Initializing Spring TestDispatcherServlet ''
2026-04-05T16:59:09.162+06:00  INFO 21828 --- [           main] o.s.t.web.servlet.TestDispatcherServlet  : Initializing Servlet ''
2026-04-05T16:59:09.164+06:00  INFO 21828 --- [           main] o.s.t.web.servlet.TestDispatcherServlet  : Completed initialization in 2 ms
2026-04-05T16:59:09.457+06:00  INFO 21828 --- [           main] o.s.b.t.m.w.SpringBootMockServletContext : Initializing Spring TestDispatcherServlet ''
2026-04-05T16:59:09.457+06:00  INFO 21828 --- [           main] o.s.t.web.servlet.TestDispatcherServlet  : Initializing Servlet ''
2026-04-05T16:59:09.458+06:00  INFO 21828 --- [           main] o.s.t.web.servlet.TestDispatcherServlet  : Completed initialization in 1 ms
2026-04-05T16:59:09.628+06:00  INFO 21828 --- [           main] o.s.b.t.m.w.SpringBootMockServletContext : Initializing Spring TestDispatcherServlet ''
2026-04-05T16:59:09.628+06:00  INFO 21828 --- [           main] o.s.t.web.servlet.TestDispatcherServlet  : Initializing Servlet ''
2026-04-05T16:59:09.628+06:00  INFO 21828 --- [           main] o.s.t.web.servlet.TestDispatcherServlet  : Completed initialization in 0 ms
2026-04-05T16:59:09.662+06:00  INFO 21828 --- [           main] o.s.b.t.m.w.SpringBootMockServletContext : Initializing Spring TestDispatcherServlet ''
2026-04-05T16:59:09.663+06:00  INFO 21828 --- [           main] o.s.t.web.servlet.TestDispatcherServlet  : Initializing Servlet ''
2026-04-05T16:59:09.664+06:00  INFO 21828 --- [           main] o.s.t.web.servlet.TestDispatcherServlet  : Completed initialization in 1 ms
[INFO] Tests run: 4, Failures: 0, Errors: 0, Skipped: 0, Time elapsed: 1.754 s -- in com.seproject.inventory.controller.InventoryControllerIntegrationTest
[INFO] Running com.seproject.inventory.controller.OrderControllerTest
2026-04-05T16:59:09.719+06:00  INFO 21828 --- [           main] t.c.s.AnnotationConfigContextLoaderUtils : Could not detect default configuration classes for test class [com.seproject.inventory.controller.OrderControllerTest]: OrderControllerTest does not declare any static, non-private, non-final, nested classes annotated with @Configuration.
2026-04-05T16:59:09.721+06:00  INFO 21828 --- [           main] .b.t.c.SpringBootTestContextBootstrapper : Found @SpringBootConfiguration com.seproject.inventory.InventoryApplication for test class com.seproject.inventory.controller.OrderControllerTest
2026-04-05T16:59:09.723+06:00  INFO 21828 --- [           main] t.c.s.AnnotationConfigContextLoaderUtils : Could not detect default configuration classes for test class [com.seproject.inventory.controller.OrderControllerTest]: OrderControllerTest does not declare any static, non-private, non-final, nested classes annotated with @Configuration.
2026-04-05T16:59:09.724+06:00  INFO 21828 --- [           main] .b.t.c.SpringBootTestContextBootstrapper : Found @SpringBootConfiguration com.seproject.inventory.InventoryApplication for test class com.seproject.inventory.controller.OrderControllerTest
[INFO] Tests run: 1, Failures: 0, Errors: 0, Skipped: 0, Time elapsed: 0.016 s -- in com.seproject.inventory.controller.OrderControllerTest
[INFO] Running com.seproject.inventory.controller.ProductControllerTest
2026-04-05T16:59:09.739+06:00  INFO 21828 --- [           main] t.c.s.AnnotationConfigContextLoaderUtils : Could not detect default configuration classes for test class [com.seproject.inventory.controller.ProductControllerTest]: ProductControllerTest does not declare any static, non-private, non-final, nested classes annotated with @Configuration.
2026-04-05T16:59:09.741+06:00  INFO 21828 --- [           main] .b.t.c.SpringBootTestContextBootstrapper : Found @SpringBootConfiguration com.seproject.inventory.InventoryApplication for test class com.seproject.inventory.controller.ProductControllerTest
2026-04-05T16:59:09.742+06:00  INFO 21828 --- [           main] t.c.s.AnnotationConfigContextLoaderUtils : Could not detect default configuration classes for test class [com.seproject.inventory.controller.ProductControllerTest]: ProductControllerTest does not declare any static, non-private, non-final, nested classes annotated with @Configuration.
2026-04-05T16:59:09.743+06:00  INFO 21828 --- [           main] .b.t.c.SpringBootTestContextBootstrapper : Found @SpringBootConfiguration com.seproject.inventory.InventoryApplication for test class com.seproject.inventory.controller.ProductControllerTest
[INFO] Tests run: 1, Failures: 0, Errors: 0, Skipped: 0, Time elapsed: 0.012 s -- in com.seproject.inventory.controller.ProductControllerTest
[INFO] Running com.seproject.inventory.InventoryApplicationTests
2026-04-05T16:59:09.752+06:00  INFO 21828 --- [           main] t.c.s.AnnotationConfigContextLoaderUtils : Could not detect default configuration classes for test class [com.seproject.inventory.InventoryApplicationTests]: InventoryApplicationTests does not declare any static, non-private, non-final, nested classes annotated with @Configuration.
2026-04-05T16:59:09.766+06:00  INFO 21828 --- [           main] .b.t.c.SpringBootTestContextBootstrapper : Found @SpringBootConfiguration com.seproject.inventory.InventoryApplication for test class com.seproject.inventory.InventoryApplicationTests
2026-04-05T16:59:09.768+06:00  INFO 21828 --- [           main] t.c.s.AnnotationConfigContextLoaderUtils : Could not detect default configuration classes for test class [com.seproject.inventory.InventoryApplicationTests]: InventoryApplicationTests does not declare any static, non-private, non-final, nested classes annotated with @Configuration.
2026-04-05T16:59:09.769+06:00  INFO 21828 --- [           main] .b.t.c.SpringBootTestContextBootstrapper : Found @SpringBootConfiguration com.seproject.inventory.InventoryApplication for test class com.seproject.inventory.InventoryApplicationTests
2026-04-05T16:59:09.774+06:00  INFO 21828 --- [           main] o.s.b.d.r.RestartApplicationListener     : Restart disabled due to context in which it is running

  .   ____          _            __ _ _
 /\\ / ___'_ __ _ _(_)_ __  __ _ \ \ \ \
( ( )\___ | '_ | '_| | '_ \/ _` | \ \ \ \
 \\/  ___)| |_)| | | | | || (_| |  ) ) ) )
  '  |____| .__|_| |_|_| |_\__, | / / / /
 =========|_|==============|___/=/_/_/_/

 :: Spring Boot ::                (v4.0.4)

2026-04-05T16:59:09.803+06:00  INFO 21828 --- [           main] c.s.inventory.InventoryApplicationTests  : Starting InventoryApplicationTests using Java 25.0.2 with PID 21828 (started by Shaila in D:\inventory)
2026-04-05T16:59:09.804+06:00  INFO 21828 --- [           main] c.s.inventory.InventoryApplicationTests  : The following 1 profile is active: "test"
2026-04-05T16:59:10.054+06:00  INFO 21828 --- [           main] .s.d.r.c.RepositoryConfigurationDelegate : Bootstrapping Spring Data JPA repositories in DEFAULT mode.
2026-04-05T16:59:10.069+06:00  INFO 21828 --- [           main] .s.d.r.c.RepositoryConfigurationDelegate : Finished Spring Data repository scanning in 14 ms. Found 4 JPA repository interfaces.
2026-04-05T16:59:10.139+06:00  INFO 21828 --- [           main] o.s.j.d.e.EmbeddedDatabaseFactory        : Starting embedded database: url='jdbc:h2:mem:inventorydb;DB_CLOSE_DELAY=-1;DB_CLOSE_ON_EXIT=false', username='sa'
2026-04-05T16:59:10.180+06:00  INFO 21828 --- [           main] org.hibernate.orm.jpa                    : HHH008540: Processing PersistenceUnitInfo [name: default]
2026-04-05T16:59:10.204+06:00  INFO 21828 --- [           main] o.s.o.j.p.SpringPersistenceUnitInfo      : No LoadTimeWeaver setup: ignoring JPA class transformer
2026-04-05T16:59:10.208+06:00  WARN 21828 --- [           main] org.hibernate.orm.deprecation            : HHH90000025: H2Dialect does not need to be specified explicitly using 'hibernate.dialect' (remove the property setting and it will be selected by default)
2026-04-05T16:59:10.208+06:00  INFO 21828 --- [           main] org.hibernate.orm.connections.pooling    : HHH10001005: Database info:
	Database JDBC URL [jdbc:h2:mem:inventorydb]
	Database driver: H2 JDBC Driver
	Database dialect: H2Dialect
	Database version: 2.4.240
	Default catalog/schema: INVENTORYDB/PUBLIC
	Autocommit mode: undefined/unknown
	Isolation level: READ_COMMITTED [default READ_COMMITTED]
	JDBC fetch size: 100
	Pool: DataSourceConnectionProvider
	Minimum pool size: undefined/unknown
	Maximum pool size: undefined/unknown
2026-04-05T16:59:10.267+06:00  INFO 21828 --- [           main] org.hibernate.orm.core                   : HHH000489: No JTA platform available (set 'hibernate.transaction.jta.platform' to enable JTA platform integration)
2026-04-05T16:59:10.291+06:00  INFO 21828 --- [           main] j.LocalContainerEntityManagerFactoryBean : Initialized JPA EntityManagerFactory for persistence unit 'default'
2026-04-05T16:59:10.352+06:00  INFO 21828 --- [           main] r$InitializeUserDetailsManagerConfigurer : Global AuthenticationManager configured with UserDetailsService bean with name customUserDetailsService
2026-04-05T16:59:10.422+06:00  WARN 21828 --- [           main] JpaBaseConfiguration$JpaWebConfiguration : spring.jpa.open-in-view is enabled by default. Therefore, database queries may be performed during view rendering. Explicitly configure spring.jpa.open-in-view to disable this warning
2026-04-05T16:59:10.611+06:00  INFO 21828 --- [           main] c.s.inventory.InventoryApplicationTests  : Started InventoryApplicationTests in 0.837 seconds (process running for 12.314)
2026-04-05T16:59:10.628+06:00  INFO 21828 --- [           main] c.s.inventory.config.DataInitializer     : Default roles initialized
[INFO] Tests run: 1, Failures: 0, Errors: 0, Skipped: 0, Time elapsed: 0.883 s -- in com.seproject.inventory.InventoryApplicationTests
[INFO] Running com.seproject.inventory.service.impl.OrderServiceImplTest
[INFO] Tests run: 7, Failures: 0, Errors: 0, Skipped: 0, Time elapsed: 0.392 s -- in com.seproject.inventory.service.impl.OrderServiceImplTest
[INFO] Running com.seproject.inventory.service.impl.ProductServiceImplTest
[INFO] Tests run: 6, Failures: 0, Errors: 0, Skipped: 0, Time elapsed: 0.033 s -- in com.seproject.inventory.service.impl.ProductServiceImplTest
[INFO] Running com.seproject.inventory.service.impl.UserServiceImplTest
[INFO] Tests run: 5, Failures: 0, Errors: 0, Skipped: 0, Time elapsed: 0.178 s -- in com.seproject.inventory.service.impl.UserServiceImplTest
[INFO] 
[INFO] Results:
[INFO] 
[INFO] Tests run: 26, Failures: 0, Errors: 0, Skipped: 0
[INFO] 
[INFO] ------------------------------------------------------------------------
[INFO] BUILD SUCCESS
[INFO] ------------------------------------------------------------------------
[INFO] Total time:  15.023 s
[INFO] Finished at: 2026-04-05T16:59:11+06:00
[INFO] ------------------------------------------------------------------------
